✔ accepted mark/unmark exposes desired state synchronously before any save response (6.257667ms)
✔ three independent saves run together and additional accepted pupils remain queued (1.107ms)
✔ repeated intent for the same pupil/date is refused until settlement; other dates/classes remain independent (0.592708ms)
✔ confirmed rejection only rejects its own pupil and leaves another confirmation intact (0.677334ms)
✔ lost response reconciles the authorized desired row without another write or temporary persisted id (0.8395ms)
✔ unknown response with a differing read stays pending and blocks blind retry until a confirming read (0.46375ms)
✔ read failure preserves unknown state and never reports saved (1.051125ms)
✔ timeout leaves actual save running, refuses retry and does not read until that request settles (26.631584ms)
✔ dispose discards unsent pupils and late results never call the departed screen (1.033208ms)
✔ old reads before/during a write preserve its confirmed row; a later read admits another device edit (0.9895ms)
✔ a newer read finishing first must not allow an older response to resurrect pre-write data (1.212667ms)
✔ closure/report barrier tracks pending date and class, including a disposed in-flight request (1.257125ms)
✔ remote closure discards unsent work in its class without cancelling other classes or in-flight writes (1.638458ms)
✔ late stale response cannot undo a remote edit already accepted from a newer read (0.55625ms)
✔ a delayed automatic verification cannot restart the save timeout after another verification confirms (38.698ms)
✔ a remounted or renewed scope refuses a duplicate pupil while the disposed scope still has an in-flight write (1.377917ms)
✔ pending snapshots survive unmount and authorized verification returns the old-scope row without its stale callback (0.733834ms)
✔ new attendance uses the session UUID and preserves day/class and conflict key (1.539667ms)
✔ unmarking an existing historical attendance retains all identity filters (0.864583ms)
✔ missing or textual identity never sends a database write (3.527125ms)
✔ failed backend writes do not report success (0.614917ms)
✔ session identity, token rotation and logout during validation reject before sending any write (2.337583ms)
✔ failed session validation is rejected locally because persistence never started (0.267666ms)
✔ explicit database/auth rejection is distinguished from response loss and server uncertainty (0.474209ms)
✔ finalization and day closure recheck attendance accepted during asynchronous session validation (5.974958ms)
PASS: admin corrections, historical pupils, immutable identity, close/reopen/reclose, stale closure, RLS and anonymous denial
✔ tests/ebd-history-database.mjs (1124.375417ms)
✔ day PDF blocks an active write before creating any file (3.627416ms)
✔ day PDF refuses a stale snapshot read before the write, even after the queue empties (1.690625ms)
✔ day PDF refuses a stale snapshot read during the write, even after the queue empties (0.924333ms)
✔ day PDF read after confirmation keeps existing totals and produces PDF bytes in memory (14.336625ms)
✔ period PDF blocks an active write before creating any file (1.350958ms)
✔ period PDF refuses a stale snapshot read before the write, even after the queue empties (0.469209ms)
✔ period PDF refuses a stale snapshot read during the write, even after the queue empties (0.45675ms)
✔ period PDF read after confirmation keeps existing totals and produces PDF bytes in memory (1.540125ms)
✔ quarter PDF blocks an active write before creating any file (1.011167ms)
✔ quarter PDF refuses a stale snapshot read before the write, even after the queue empties (0.426834ms)
✔ quarter PDF refuses a stale snapshot read during the write, even after the queue empties (0.286417ms)
✔ quarter PDF read after confirmation keeps existing totals and produces PDF bytes in memory (2.199125ms)
✔ actual readEbdDay attaches the version from before its parallel reads and stale day PDF is rejected (14.22425ms)
✔ actual handleDownloadPeriodPDF refuses old fetchHistory aggregates, refreshes and succeeds on current snapshot (74.510708ms)
✔ actual handleDownloadQuarterlyPDF refuses old fetchHistory aggregates, refreshes and succeeds on current snapshot (40.4705ms)
✔ actual quarterly handler rejects attendance changed while its visitor reads were pending (35.76575ms)
✔ history fetch and asynchronous quarterly PDF cannot publish into a renewed or unmounted access scope (40.234625ms)
✔ an observed Realtime change invalidates PDF snapshots synchronously, before debounced refetch (3.734625ms)
✔ actual Secretaria read cannot regress finalized class when its old snapshot arrives later (6.95975ms)
✔ actual Secretaria read cannot regress closed day when its old snapshot arrives later (9.552708ms)
✔ EBD policies retain RLS, deny anonymous access and restrict teacher reads/writes to own class and current day (31.714ms)
✔ expired, mismatched, revoked, inactive and wrong-namespace sessions cannot save attendance (18.133167ms)
✔ repeated desired-state upsert is unique and guarded identity cannot move between pupil/date/class (8.036291ms)
✔ closed day rejects delayed writes, preserves snapshot totals, and only matching admin reopen resumes writes (13.646209ms)
✔ documents current backend limitation: finalized class alone does not reject a direct authorized attendance write (4.835583ms)
✔ isolated proposed guard rejects delayed attendance and visitors after class finalization for teacher and administrator (10.451708ms)
✔ proposed guard preserves explicit class reopening, historical correction and closed-day snapshots (10.6345ms)
✔ isolated rollback restores exactly the baseline guard body without changing its privileges or day records (2.051833ms)
ℹ tests 54
ℹ suites 0
ℹ pass 54
ℹ fail 0
ℹ cancelled 0
ℹ skipped 0
ℹ todo 0
ℹ duration_ms 1210.318792
